// Jest Snapshot v1, https://goo.gl/fbAQLP

exports[`Form matches a snapshot 1`] = `
<form
  className="Form"
  onSubmit={[Function]}
>
  <div>
    <h2>
      Request
    </h2>
  </div>
  <div>
    <input
      name="url"
      onChange={[Function]}
      placeholder="URL"
      type="text"
      value="http://musicbrainz.org/ws/2/artist?query=nahko&fmt=json&limit=25"
    />
    <button
      className="button"
    >
      Send
    </button>
  </div>
  <section
    className="buttons"
  >
    <RadioButtonGroup
      className="buttons"
      name="method"
      onChange={[Function]}
    >
      <RadioButton
        value="get"
      />
      <RadioButton
        value="post"
      />
      <RadioButton
        value="put"
      />
      <RadioButton
        value="patch"
      />
      <RadioButton
        value="delete"
      />
    </RadioButtonGroup>
  </section>
  <textarea
    name="body"
    onChange={[Function]}
    placeholder="Raw JSON Body"
    type="text"
  />
</form>
`;
